// Jest Snapshot v1, https://goo.gl/fbAQLP

exports[`CreateDeploy Snapshot 1`] = `null`;
