// Jest Snapshot v1, https://goo.gl/fbAQLP

exports[`Indicators Snapshot 1`] = `<div />`;
