// Jest Snapshot v1, https://goo.gl/fbAQLP

exports[`RouteNotFound Snapshot 1`] = `
<div>
  <h1>
    Page Not Found
  </h1>
  <p
    className="alert-message notice"
  >
    The page you are looking for was not found.
  </p>
</div>
`;
